# specs/tk-svgtz/passrate-fixture.log — positive control for passrate.py.
# Seven synthetic driver ticks covering the cases the live log cannot:
#   tick 1  gauge + failed attempt ONLY          -> acted 0 (the tk-o96cd defect)
#   tick 2  the one-time anchorless escalation   -> acted 1 (never fires live)
#   tick 3  a real mutation alongside the gauge  -> acted 1 (gauge must not mask it)
#   tick 4  convoy early-exit diagnostic         -> acted 0 (the tk-mu7fb defect)
#   tick 5  convoy per-item refusal + summary    -> acted 0 ("not graduated")
#   tick 6  a real convoy graduation             -> acted 1 (the happy path)
#   tick 7  convoy graduating write FAILED       -> acted 0, gauge-only (retried)
# Ticks 4-7 exist because the live window holds exactly one non-quiet convoy
# tick, so it cannot separate "skipped a diagnostic" from "missed a real
# graduation" — tick 6 fails if the ACTION label stops matching the counter
# reconcile-graduated-convoys.sh:440 actually prints.
# Expected: 7 ticks, 3 with ANY action; reconcile-merged-prs 3 seen / 2 acted /
# 1 gauge-only; reconcile-refinery-handoffs 2 seen / 1 acted / 1 gauge-only;
# reconcile-graduated-convoys 4 seen / 1 acted / 1 gauge-only;
# 1 one-time transition. See cadence-audit.md, Appendix: reproduction.
---- tick 2026-08-20T00:00:00Z ----
reconcile-merged-prs: ANCHORLESS PR#334 (draft) (polecat/tk-a -> main) — anchor tk-a is CLOSED; already escalated, awaiting operator disposition
reconcile-merged-prs: 0 closed, 0 abandoned (0 escalated), 0 retargeted, 0 stale-base rebases routed, 0 rebases held, 0 stale-gate re-reviews routed, 0 stale-gate re-reviews held, 0 resolved holds cleared, 0 superseded reviews retracted, 0 retractions held, 0 foreign-PR identity holds, 0 identity-encoding forced closes, 0 wedged-close escalations, 0 partial closes (doctor finding still firing), 0 doctor-gate indeterminate, 1 anchorless open PRs, 0 unowned open PRs, 4 skipped
reconcile-refinery-handoffs: 0 repaired, 0 reported (not rewritten), 2 failed
---- tick 2026-08-20T00:02:00Z ----
reconcile-merged-prs: ANCHORLESS PR#999 (polecat/tk-b -> main) — anchor tk-b is CLOSED; routed to operator + escalated
reconcile-merged-prs: 0 closed, 0 abandoned (0 escalated), 0 retargeted, 0 stale-base rebases routed, 0 rebases held, 0 stale-gate re-reviews routed, 0 stale-gate re-reviews held, 0 resolved holds cleared, 0 superseded reviews retracted, 0 retractions held, 0 foreign-PR identity holds, 0 identity-encoding forced closes, 0 wedged-close escalations, 0 partial closes (doctor finding still firing), 0 doctor-gate indeterminate, 1 anchorless open PRs, 0 unowned open PRs, 4 skipped
---- tick 2026-08-20T00:04:00Z ----
reconcile-merged-prs: 1 closed, 0 abandoned (0 escalated), 0 retargeted, 0 stale-base rebases routed, 0 rebases held, 0 stale-gate re-reviews routed, 0 stale-gate re-reviews held, 0 resolved holds cleared, 0 superseded reviews retracted, 0 retractions held, 0 foreign-PR identity holds, 0 identity-encoding forced closes, 0 wedged-close escalations, 0 partial closes (doctor finding still firing), 0 doctor-gate indeterminate, 1 anchorless open PRs, 0 unowned open PRs, 4 skipped
reconcile-refinery-handoffs: 1 repaired, 0 reported (not rewritten), 0 failed
---- tick 2026-08-20T00:06:00Z ----
reconcile-graduated-convoys: GC_AGENT unset; skip
---- tick 2026-08-20T00:08:00Z ----
reconcile-graduated-convoys: tk-fx1qa — merge_hold set on the convoy (operator gate); not graduated
reconcile-graduated-convoys: 0 graduating, 0 skipped, 1 held, 0 vacuous
---- tick 2026-08-20T00:10:00Z ----
reconcile-graduated-convoys: graduating tk-fx2qb — integration/fixture -> main (mr; human-approved PR)
reconcile-graduated-convoys: 1 graduating, 0 skipped, 0 held, 0 vacuous
---- tick 2026-08-20T00:12:00Z ----
reconcile-graduated-convoys: tk-fx3qc assign failed; retry next pass
reconcile-graduated-convoys: 0 graduating, 1 skipped, 0 held, 0 vacuous
